To honour the JVM settings for this build a single-use Daemon process will be forked. For more on this, please refer to https://docs.gradle.org/9.1.0/userguide/gradle_daemon.html#sec:disabling_the_daemon in the Gradle documentation.
Daemon will be stopped at the end of the build 
Reusing configuration cache.
> Task :checkKotlinGradlePluginConfigurationErrors SKIPPED

> Task :compileKotlin FAILED
1 actionable task: 1 executed
Configuration cache entry reused.
